// Jest Snapshot v1, https://goo.gl/fbAQLP

exports[`<Header /> renders the basic <Header /> with a background 1`] = `
<div
  class="header__Container-t8lkk2-2 dgnQxw"
>
  <p
    class="header__Link-t8lkk2-4 jeHOV"
  >
    Hello I am a link!
  </p>
</div>
`;

exports[`<Header /> renders the full <Header /> with a background 1`] = `
<div
  class="header__Background-t8lkk2-0 eXiDqO"
  data-testid="header-bg"
  src="joker1"
>
  <div
    class="header__Container-t8lkk2-2 dgnQxw"
  >
    <div
      class="header__Group-t8lkk2-1 coSjYi"
    >
      <p
        class="header__Link-t8lkk2-4 dnJggJ"
      >
        Series
      </p>
      <p
        class="header__Link-t8lkk2-4 dnJggJ"
      >
        Films
      </p>
    </div>
    <div
      class="header__Group-t8lkk2-1 coSjYi"
    >
      <div
        class="header__Search-t8lkk2-6 kXyqiX"
      >
        <button
          class="header__SearchIcon-t8lkk2-7 elMmZI"
          data-testid="search-click"
        >
          <img
            alt="Search"
            src="/images/icons/search.png"
          />
        </button>
        <input
          class="header__SearchInput-t8lkk2-9 gKeyn"
          data-testid="search-input"
          placeholder="Search films and series"
          value="Joker"
        />
      </div>
      <div
        class="header__Profile-t8lkk2-10 dgyYER"
      >
        <button
          class="header__Picture-t8lkk2-3 cJrRBH"
          src="/images/users//images/karl.png.png"
        />
        <div
          class="header__Dropdown-t8lkk2-5 hodBmn"
        >
          <div
            class="header__Group-t8lkk2-1 coSjYi"
          >
            <button
              class="header__Picture-t8lkk2-3 cJrRBH"
              src="/images/users//images/karl.png.png"
            />
          </div>
          <div
            class="header__Group-t8lkk2-1 coSjYi"
          >
            <p
              class="header__Link-t8lkk2-4 dnJggJ"
            >
              Sign out
            </p>
          </div>
        </div>
      </div>
    </div>
  </div>
  <div
    class="header__Container-t8lkk2-2 header__Feature-t8lkk2-13 dgnQxw ijdmKD"
  >
    <p
      class="header__FeatureCallOut-t8lkk2-15 ecfFhX"
    >
      Watch Joker Now
    </p>
    <p
      class="header__Text-t8lkk2-14 feKaer"
    >
      Forever alone in a crowd...
    </p>
    <button
      class="header__PlayButton-t8lkk2-8 iSZqSo"
    >
      Play
    </button>
  </div>
</div>
`;
