// Jest Snapshot v1, https://goo.gl/fbAQLP

exports[`<OptForm /> renders the <OptForm /> with populated data 1`] = `
<div
  class="sc-crzoAE kyGOQj"
>
  <input
    class="sc-dIsUp kYaXfp"
    placeholder="Email address"
  />
  <button
    class="sc-bqGGPW bZmpMu"
  >
    Try it now
     
    <img
      alt="Try Now"
      src="/images/icons/chevron-right.png"
    />
  </button>
  <div
    class="sc-hBMUJo hlFGdS"
  />
  <p
    class="sc-ksluID kMvFUc"
  >
    Ready to watch? Enter your email to create or restart your membership.
  </p>
</div>
`;
